// Jest Snapshot v1, https://goo.gl/fbAQLP

exports[`GameProvider should provide game context to children 1`] = `
<div>
  <div
    data-testid="child"
  >
    Test Child
  </div>
</div>
`;
